csi-storageclass manifest should match snapshot:
  1: |
    allowVolumeExpansion: true
    apiVersion: storage.k8s.io/v1
    kind: StorageClass
    metadata:
      name: smb
    mountOptions:
      - dir_mode=0777
      - file_mode=0777
    parameters:
      csi.storage.k8s.io/node-stage-secret-name: smbcreds
      csi.storage.k8s.io/node-stage-secret-namespace: smb
      csi.storage.k8s.io/provisioner-secret-name: smbcreds
      csi.storage.k8s.io/provisioner-secret-namespace: smb
      source: //server/share
    provisioner: smb.csi.k8s.io
    reclaimPolicy: Delete
    volumeBindingMode: Immediate
