secrets manifest should match snapshot:
  1: |
    apiVersion: v1
    data:
      .dockerconfigjson: eyJhdXRocyI6eyIiOnsidXNlcm5hbWUiOiIiLCJwYXNzd29yZCI6IiIsImVtYWlsIjoiIiwiYXV0aCI6Ik9nPT0ifX19
    kind: Secret
    metadata:
      name: image-pull-secret
    type: kubernetes.io/dockerconfigjson
