serviceaccount manifest should match snapshot:
  1: |
    RELEASE-NAME-xnat
